mode: set
github.com/sailsforce/togo-read-micro/internal/config/config.go:23.42,34.16 7 1
github.com/sailsforce/togo-read-micro/internal/config/config.go:38.2,44.12 4 1
github.com/sailsforce/togo-read-micro/internal/config/config.go:64.2,67.12 3 1
github.com/sailsforce/togo-read-micro/internal/config/config.go:34.16,37.3 2 1
github.com/sailsforce/togo-read-micro/internal/config/config.go:44.12,48.17 4 0
github.com/sailsforce/togo-read-micro/internal/config/config.go:52.3,57.17 2 0
github.com/sailsforce/togo-read-micro/internal/config/config.go:61.3,61.16 1 0
github.com/sailsforce/togo-read-micro/internal/config/config.go:48.17,51.4 2 0
github.com/sailsforce/togo-read-micro/internal/config/config.go:57.17,60.4 2 0
